░▒▓█▄▀▌▐

XXL - 100 chars, 1536px (192 chars)
XL - 100 chars, 1280px (160 chars)
LG - 100 chars, 1024px (128 chars)
MD - 80 chars, 768px (96 chars)
SM - 80 chars, 640px (80 chars)
_________ _________ _________ _________ _________ _________ _________ _________
    ▄                    ▄               ▄                          ▄
    ▓██▀                 ▓██▀            ▐██▓                       ▓██▀
 ▄████▌▄████▄▀████▄   ▄████▌▄████▄ ▄████▀▐██▌▄████▄ ▄████▄▄████▄ ▄████▌
▄█▀ ▄█▌███▐█▌ ▄█▀ █▓ ▄█▀ ▄█▌▓█▄▄▄▀▐█▄▄▄▄▄▐█▌▄█▀ ▄██▌███▐█▌▓█▄▄▄▀▄█▀ ▄█▌
▀█████▌▓██▐█▌ ▓█▄███▌▀█████▌▀███▄▄  ▄▄▄█▓▐█▌▀█████▓ ▓██▐█▌▀███▄▄▀█████▌
     ▀▀    ▀▀     ▀▀      ▀▀    ▀▀ ▀▀▀▀▀   ▄▄▄▄██▀      ▀▀    ▀▀     ▀▀
                                             ▀▀
